// Jest Snapshot v1, https://goo.gl/fbAQLP

exports[`<LineRouteList /> Renders the route with stops along its geometry 1`] = `
<DocumentFragment>
  <div>
    <div
      class="flex items-center"
    >
      <label
        class="my-8 mr-4 text-base font-normal"
        id="headlessui-label-:r0:"
      >
        Näytä reittiin kuulumattomat pysäkit
      </label>
      <button
        aria-checked="false"
        aria-labelledby="headlessui-label-:r0:"
        class=" border-grey relative inline-flex h-6 w-11 items-center rounded-full border transition-colors focus-visible:ring"
        data-headlessui-state=""
        data-testid="LineRouteList::showUnusedStopsSwitch"
        id="headlessui-switch-:r1:"
        role="switch"
        tabindex="0"
        type="button"
      >
        <span
          class="-translate-x-0.5 border-grey inline-block h-6 w-6 transform rounded-full border bg-white transition-transform"
        />
      </button>
    </div>
    <ul>
      <li
        data-testid="LineRouteListItem"
      >
        <div
          class="relative grid min-h-16 items-center bg-background align-middle sm:grid-cols-12 md:grid-cols-24
        
        border-l-10 border-hsl-dark-green "
          data-testid="RouteRow::65x-outbound"
        >
          <div
            class="col-span-3 flex h-full items-center justify-evenly"
            id="direction-and-label-65x-null-outbound"
          >
            <span
              class="relative flex h-9 w-9 items-center justify-center bg-brand text-2xl font-bold text-white "
              data-testid="DirectionBadge"
              title="1 - Keskustasta pois"
            >
              <span
                aria-hidden="true"
                aria-label="1 - Keskustasta pois"
                data-testid="DirectionBadge::outbound"
              >
                1
              </span>
            </span>
            <span
              class="w-[6ch] text-xl"
              data-testid="RouteRow::label"
            >
              <b>
                65x
              </b>
            </span>
          </div>
          <span
            class="col-span-8 text-xl"
            data-testid="RouteRow::name"
          >
            Reitti A - B FI
          </span>
          <a
            class="rounded-full ml-0"
            data-testid="RouteRow::editRouteButton"
            href="/routes/03d55414-e5cf-4cce-9faf-d86ccb7e5f98/edit?observationDate=2017-02-14"
            title="Muokkaa reittiä 65x, suunta 1"
          >
            <div
              class="flex h-10 w-10 items-center justify-center rounded-full border border-grey bg-white hover:border-2 hover:border-tweaked-brand"
            >
              <svg
                class="aria-hidden text-2xl text-tweaked-brand"
                fill="currentColor"
                height="1em"
                stroke="currentColor"
                stroke-width="0"
                viewBox="0 0 24 24"
                width="1em"
                xmlns="http://www.w3.org/2000/svg"
              >
                <path
                  d="M0 0h24v24H0z"
                  fill="none"
                />
                <path
                  d="M3 17.25V21h3.75L17.81 9.94l-3.75-3.75L3 17.25zM20.71 7.04a.996.996 0 000-1.41l-2.34-2.34a.996.996 0 00-1.41 0l-1.83 1.83 3.75 3.75 1.83-1.83z"
                />
              </svg>
            </div>
          </a>
          <span
            class="col-span-4 text-center md:text-sm lg:text-base"
            data-testid="RouteRow::validityPeriod"
          >
            Voimassa 1.1.2000 - 13.12.2050
          </span>
          <div
            class="flex justify-center"
          />
          <span
            class="col-span-4 text-center"
            data-testid="RouteRow::lastEdited"
          >
            !14.2.2017 14.51
            <svg
              class="aria-hidden ml-1 inline text-xl text-tweaked-brand"
              fill="currentColor"
              height="1em"
              stroke="currentColor"
              stroke-width="0"
              viewBox="0 0 24 24"
              width="1em"
              xmlns="http://www.w3.org/2000/svg"
            >
              <path
                d="M0 0h24v24H0z"
                fill="none"
              />
              <path
                d="M13 3a9 9 0 00-9 9H1l3.89 3.89.07.14L9 12H6c0-3.87 3.13-7 7-7s7 3.13 7 7-3.13 7-7 7c-1.93 0-3.68-.79-4.94-2.06l-1.42 1.42A8.954 8.954 0 0013 21a9 9 0 000-18zm-1 5v5l4.28 2.54.72-1.21-3.5-2.08V8H12z"
              />
            </svg>
          </span>
          <div
            class="col-span-2 flex h-full items-center justify-center border-l-4 border-white "
          >
            <button
              class="text-center h-10 w-10 rounded-full border border-grey bg-white text-tweaked-brand hover:border-2 hover:border-tweaked-brand  "
              data-testid="RouteRow::showRouteButton"
              title="Näytä kartalla reitti 65x, suunta 1"
              type="button"
            >
              <svg
                aria-hidden="true"
                class="text-2xl inline text-center"
                fill="currentColor"
                height="1em"
                stroke="currentColor"
                stroke-width="0"
                viewBox="0 0 24 24"
                width="1em"
                xmlns="http://www.w3.org/2000/svg"
              >
                <path
                  d="M0 0h24v24H0z"
                  fill="none"
                />
                <path
                  d="M18 8c0-3.31-2.69-6-6-6S6 4.69 6 8c0 4.5 6 11 6 11s6-6.5 6-11zm-8 0c0-1.1.9-2 2-2s2 .9 2 2a2 2 0 11-4 0zM5 20v2h14v-2H5z"
                />
              </svg>
            </button>
          </div>
          <button
            aria-controls="route-stop-list"
            aria-expanded="false"
            class="text-center h-full border-l-4 border-white"
            data-testid="RouteRow::toggleAccordion"
            title="Näytä pysäkit reitille 65x, suunta 1"
            type="button"
          >
            <svg
              aria-hidden="true"
              class="text-3xl text-tweaked-brand text-3xl pointer-events-none inline text-center"
              fill="currentColor"
              height="1em"
              stroke="currentColor"
              stroke-width="0"
              viewBox="0 0 24 24"
              width="1em"
              xmlns="http://www.w3.org/2000/svg"
            >
              <path
                d="M0 0h24v24H0V0z"
                fill="none"
              />
              <path
                d="M7.41 8.59L12 13.17l4.59-4.58L18 10l-6 6-6-6 1.41-1.41z"
              />
            </svg>
          </button>
        </div>
      </li>
    </ul>
  </div>
</DocumentFragment>
`;

exports[`<LineRouteList /> Renders the route with stops along its geometry 2`] = `
<DocumentFragment>
  <div>
    <div
      class="flex items-center"
    >
      <label
        class="my-8 mr-4 text-base font-normal"
        id="headlessui-label-:r0:"
      >
        Näytä reittiin kuulumattomat pysäkit
      </label>
      <button
        aria-checked="false"
        aria-labelledby="headlessui-label-:r0:"
        class=" border-grey relative inline-flex h-6 w-11 items-center rounded-full border transition-colors focus-visible:ring"
        data-headlessui-state=""
        data-testid="LineRouteList::showUnusedStopsSwitch"
        id="headlessui-switch-:r1:"
        role="switch"
        tabindex="0"
        type="button"
      >
        <span
          class="-translate-x-0.5 border-grey inline-block h-6 w-6 transform rounded-full border bg-white transition-transform"
        />
      </button>
    </div>
    <ul>
      <li
        data-testid="LineRouteListItem"
      >
        <div
          class="relative grid min-h-16 items-center bg-background align-middle sm:grid-cols-12 md:grid-cols-24
        
        border-l-10 border-hsl-dark-green "
          data-testid="RouteRow::65x-outbound"
        >
          <div
            class="col-span-3 flex h-full items-center justify-evenly"
            id="direction-and-label-65x-null-outbound"
          >
            <span
              class="relative flex h-9 w-9 items-center justify-center bg-brand text-2xl font-bold text-white "
              data-testid="DirectionBadge"
              title="1 - Keskustasta pois"
            >
              <span
                aria-hidden="true"
                aria-label="1 - Keskustasta pois"
                data-testid="DirectionBadge::outbound"
              >
                1
              </span>
            </span>
            <span
              class="w-[6ch] text-xl"
              data-testid="RouteRow::label"
            >
              <b>
                65x
              </b>
            </span>
          </div>
          <span
            class="col-span-8 text-xl"
            data-testid="RouteRow::name"
          >
            Reitti A - B FI
          </span>
          <a
            class="rounded-full ml-0"
            data-testid="RouteRow::editRouteButton"
            href="/routes/03d55414-e5cf-4cce-9faf-d86ccb7e5f98/edit?observationDate=2017-02-14"
            title="Muokkaa reittiä 65x, suunta 1"
          >
            <div
              class="flex h-10 w-10 items-center justify-center rounded-full border border-grey bg-white hover:border-2 hover:border-tweaked-brand"
            >
              <svg
                class="aria-hidden text-2xl text-tweaked-brand"
                fill="currentColor"
                height="1em"
                stroke="currentColor"
                stroke-width="0"
                viewBox="0 0 24 24"
                width="1em"
                xmlns="http://www.w3.org/2000/svg"
              >
                <path
                  d="M0 0h24v24H0z"
                  fill="none"
                />
                <path
                  d="M3 17.25V21h3.75L17.81 9.94l-3.75-3.75L3 17.25zM20.71 7.04a.996.996 0 000-1.41l-2.34-2.34a.996.996 0 00-1.41 0l-1.83 1.83 3.75 3.75 1.83-1.83z"
                />
              </svg>
            </div>
          </a>
          <span
            class="col-span-4 text-center md:text-sm lg:text-base"
            data-testid="RouteRow::validityPeriod"
          >
            Voimassa 1.1.2000 - 13.12.2050
          </span>
          <div
            class="flex justify-center"
          />
          <span
            class="col-span-4 text-center"
            data-testid="RouteRow::lastEdited"
          >
            !14.2.2017 14.51
            <svg
              class="aria-hidden ml-1 inline text-xl text-tweaked-brand"
              fill="currentColor"
              height="1em"
              stroke="currentColor"
              stroke-width="0"
              viewBox="0 0 24 24"
              width="1em"
              xmlns="http://www.w3.org/2000/svg"
            >
              <path
                d="M0 0h24v24H0z"
                fill="none"
              />
              <path
                d="M13 3a9 9 0 00-9 9H1l3.89 3.89.07.14L9 12H6c0-3.87 3.13-7 7-7s7 3.13 7 7-3.13 7-7 7c-1.93 0-3.68-.79-4.94-2.06l-1.42 1.42A8.954 8.954 0 0013 21a9 9 0 000-18zm-1 5v5l4.28 2.54.72-1.21-3.5-2.08V8H12z"
              />
            </svg>
          </span>
          <div
            class="col-span-2 flex h-full items-center justify-center border-l-4 border-white "
          >
            <button
              class="text-center h-10 w-10 rounded-full border border-grey bg-white text-tweaked-brand hover:border-2 hover:border-tweaked-brand  "
              data-testid="RouteRow::showRouteButton"
              title="Näytä kartalla reitti 65x, suunta 1"
              type="button"
            >
              <svg
                aria-hidden="true"
                class="text-2xl inline text-center"
                fill="currentColor"
                height="1em"
                stroke="currentColor"
                stroke-width="0"
                viewBox="0 0 24 24"
                width="1em"
                xmlns="http://www.w3.org/2000/svg"
              >
                <path
                  d="M0 0h24v24H0z"
                  fill="none"
                />
                <path
                  d="M18 8c0-3.31-2.69-6-6-6S6 4.69 6 8c0 4.5 6 11 6 11s6-6.5 6-11zm-8 0c0-1.1.9-2 2-2s2 .9 2 2a2 2 0 11-4 0zM5 20v2h14v-2H5z"
                />
              </svg>
            </button>
          </div>
          <button
            aria-controls="route-stop-list"
            aria-expanded="true"
            class="text-center h-full border-l-4 border-white"
            data-testid="RouteRow::toggleAccordion"
            title="Piilota pysäkit reitiltä 65x, suunta 1"
            type="button"
          >
            <svg
              aria-hidden="true"
              class="text-3xl text-tweaked-brand text-3xl pointer-events-none inline text-center"
              fill="currentColor"
              height="1em"
              stroke="currentColor"
              stroke-width="0"
              viewBox="0 0 24 24"
              width="1em"
              xmlns="http://www.w3.org/2000/svg"
            >
              <path
                d="M0 0h24v24H0z"
                fill="none"
              />
              <path
                d="M7.41 15.41L12 10.83l4.59 4.58L18 14l-6-6-6 6z"
              />
            </svg>
          </button>
        </div>
        <ul
          id="route-stop-list"
        >
          <li
            aria-labelledby="direction-and-label-65x-null-outbound"
            class="relative grid min-h-16 items-center border-r border-r-gray-100 sm:grid-cols-12 md:grid-cols-24
        after:absolute after:bottom-0 after:left-0 after:right-0 after:border-b-2 after:border-gray-100
        border-l-10 border-hsl-dark-green
         "
            data-testid="RouteStopListItem::container::H1234"
          >
            <div
              class="col-span-3 items-center justify-center text-center text-2xl"
            >
              <a
                data-testid="RouteStopListItem::label"
                href="/stop-registry/stops/H1234"
                title="Näytä pysäkin H1234 tiedot"
              >
                H1234
              </a>
            </div>
            <div
              class="col-span-9 flex items-center"
              data-testid="RouteStopListItem::name"
            >
              <span>
                !Pysäkki X
              </span>
            </div>
            <span
              class="col-span-4 text-center"
              data-testid="RouteStopListItem::validityPeriod"
            >
              Voimassa 1.1.2000 - 13.12.2050
            </span>
            <div
              class="items-center"
            />
            <span
              class="col-span-4 text-center"
              data-testid="RouteStopListItem::lastEdited"
            >
              !14.2.2017 14.51
              <svg
                class="aria-hidden ml-1 inline text-xl text-tweaked-brand"
                fill="currentColor"
                height="1em"
                stroke="currentColor"
                stroke-width="0"
                viewBox="0 0 24 24"
                width="1em"
                xmlns="http://www.w3.org/2000/svg"
              >
                <path
                  d="M0 0h24v24H0z"
                  fill="none"
                />
                <path
                  d="M13 3a9 9 0 00-9 9H1l3.89 3.89.07.14L9 12H6c0-3.87 3.13-7 7-7s7 3.13 7 7-3.13 7-7 7c-1.93 0-3.68-.79-4.94-2.06l-1.42 1.42A8.954 8.954 0 0013 21a9 9 0 000-18zm-1 5v5l4.28 2.54.72-1.21-3.5-2.08V8H12z"
                />
              </svg>
            </span>
            <div
              class="col-span-2 flex justify-center"
            >
              <div>
                <span
                  class="text-grey"
                  data-testid="RouteStopListItem::hastusCode"
                >
                  1KOSKS
                </span>
              </div>
            </div>
            <div
              class="relative"
              data-headlessui-state=""
            >
              <button
                aria-expanded="false"
                aria-haspopup="menu"
                class="mx-3 mx-auto flex items-center rounded-full"
                data-headlessui-state=""
                data-testid="StopActionsDropdown::menu"
                id="headlessui-menu-button-:r2:"
                title="Lisää toimintoja pysäkille H1234"
                type="button"
              >
                <svg
                  class="aria-hidden text-3xl"
                  fill="currentColor"
                  height="1em"
                  stroke="currentColor"
                  stroke-width="0"
                  viewBox="0 0 24 24"
                  width="1em"
                  xmlns="http://www.w3.org/2000/svg"
                >
                  <path
                    d="M0 0h24v24H0z"
                    fill="none"
                  />
                  <path
                    d="M12 8c1.1 0 2-.9 2-2s-.9-2-2-2-2 .9-2 2 .9 2 2 2zm0 2c-1.1 0-2 .9-2 2s.9 2 2 2 2-.9 2-2-.9-2-2-2zm0 6c-1.1 0-2 .9-2 2s.9 2 2 2 2-.9 2-2-.9-2-2-2z"
                  />
                </svg>
              </button>
            </div>
          </li>
          <li
            aria-labelledby="direction-and-label-65x-null-outbound"
            class="relative grid min-h-16 items-center border-r border-r-gray-100 sm:grid-cols-12 md:grid-cols-24
        after:absolute after:bottom-0 after:left-0 after:right-0 after:border-b-2 after:border-gray-100
        border-l-10 border-hsl-dark-green
         "
            data-testid="RouteStopListItem::container::H1236"
          >
            <div
              class="col-span-3 items-center justify-center text-center text-2xl"
            >
              <a
                data-testid="RouteStopListItem::label"
                href="/stop-registry/stops/H1236"
                title="Näytä pysäkin H1236 tiedot"
              >
                H1236
              </a>
            </div>
            <div
              class="col-span-9 flex items-center"
              data-testid="RouteStopListItem::name"
            >
              <span>
                !Pysäkki X
              </span>
            </div>
            <span
              class="col-span-4 text-center"
              data-testid="RouteStopListItem::validityPeriod"
            >
              Voimassa 1.1.2000 - 13.12.2050
            </span>
            <div
              class="items-center"
            />
            <span
              class="col-span-4 text-center"
              data-testid="RouteStopListItem::lastEdited"
            >
              !14.2.2017 14.51
              <svg
                class="aria-hidden ml-1 inline text-xl text-tweaked-brand"
                fill="currentColor"
                height="1em"
                stroke="currentColor"
                stroke-width="0"
                viewBox="0 0 24 24"
                width="1em"
                xmlns="http://www.w3.org/2000/svg"
              >
                <path
                  d="M0 0h24v24H0z"
                  fill="none"
                />
                <path
                  d="M13 3a9 9 0 00-9 9H1l3.89 3.89.07.14L9 12H6c0-3.87 3.13-7 7-7s7 3.13 7 7-3.13 7-7 7c-1.93 0-3.68-.79-4.94-2.06l-1.42 1.42A8.954 8.954 0 0013 21a9 9 0 000-18zm-1 5v5l4.28 2.54.72-1.21-3.5-2.08V8H12z"
                />
              </svg>
            </span>
            <div
              class="col-span-2 flex justify-center"
            >
              <div>
                <span
                  class="text-grey"
                  data-testid="RouteStopListItem::hastusCode"
                >
                  1ESIM
                </span>
              </div>
            </div>
            <div
              class="relative"
              data-headlessui-state=""
            >
              <button
                aria-expanded="false"
                aria-haspopup="menu"
                class="mx-3 mx-auto flex items-center rounded-full"
                data-headlessui-state=""
                data-testid="StopActionsDropdown::menu"
                id="headlessui-menu-button-:r3:"
                title="Lisää toimintoja pysäkille H1236"
                type="button"
              >
                <svg
                  class="aria-hidden text-3xl"
                  fill="currentColor"
                  height="1em"
                  stroke="currentColor"
                  stroke-width="0"
                  viewBox="0 0 24 24"
                  width="1em"
                  xmlns="http://www.w3.org/2000/svg"
                >
                  <path
                    d="M0 0h24v24H0z"
                    fill="none"
                  />
                  <path
                    d="M12 8c1.1 0 2-.9 2-2s-.9-2-2-2-2 .9-2 2 .9 2 2 2zm0 2c-1.1 0-2 .9-2 2s.9 2 2 2 2-.9 2-2-.9-2-2-2zm0 6c-1.1 0-2 .9-2 2s.9 2 2 2 2-.9 2-2-.9-2-2-2z"
                  />
                </svg>
              </button>
            </div>
          </li>
        </ul>
      </li>
    </ul>
  </div>
</DocumentFragment>
`;

exports[`<LineRouteList /> Renders the route with stops along its geometry 3`] = `
<DocumentFragment>
  <div>
    <div
      class="flex items-center"
    >
      <label
        class="my-8 mr-4 text-base font-normal"
        id="headlessui-label-:r0:"
      >
        Näytä reittiin kuulumattomat pysäkit
      </label>
      <button
        aria-checked="true"
        aria-labelledby="headlessui-label-:r0:"
        class=" border-brand bg-brand relative inline-flex h-6 w-11 items-center rounded-full border transition-colors focus-visible:ring"
        data-headlessui-state="checked"
        data-testid="LineRouteList::showUnusedStopsSwitch"
        id="headlessui-switch-:r1:"
        role="switch"
        tabindex="0"
        type="button"
      >
        <span
          class="translate-x-5 border-brand inline-block h-6 w-6 transform rounded-full border bg-white transition-transform"
        />
      </button>
    </div>
    <ul>
      <li
        data-testid="LineRouteListItem"
      >
        <div
          class="relative grid min-h-16 items-center bg-background align-middle sm:grid-cols-12 md:grid-cols-24
        
        border-l-10 border-hsl-dark-green "
          data-testid="RouteRow::65x-outbound"
        >
          <div
            class="col-span-3 flex h-full items-center justify-evenly"
            id="direction-and-label-65x-null-outbound"
          >
            <span
              class="relative flex h-9 w-9 items-center justify-center bg-brand text-2xl font-bold text-white "
              data-testid="DirectionBadge"
              title="1 - Keskustasta pois"
            >
              <span
                aria-hidden="true"
                aria-label="1 - Keskustasta pois"
                data-testid="DirectionBadge::outbound"
              >
                1
              </span>
            </span>
            <span
              class="w-[6ch] text-xl"
              data-testid="RouteRow::label"
            >
              <b>
                65x
              </b>
            </span>
          </div>
          <span
            class="col-span-8 text-xl"
            data-testid="RouteRow::name"
          >
            Reitti A - B FI
          </span>
          <a
            class="rounded-full ml-0"
            data-testid="RouteRow::editRouteButton"
            href="/routes/03d55414-e5cf-4cce-9faf-d86ccb7e5f98/edit?observationDate=2017-02-14"
            title="Muokkaa reittiä 65x, suunta 1"
          >
            <div
              class="flex h-10 w-10 items-center justify-center rounded-full border border-grey bg-white hover:border-2 hover:border-tweaked-brand"
            >
              <svg
                class="aria-hidden text-2xl text-tweaked-brand"
                fill="currentColor"
                height="1em"
                stroke="currentColor"
                stroke-width="0"
                viewBox="0 0 24 24"
                width="1em"
                xmlns="http://www.w3.org/2000/svg"
              >
                <path
                  d="M0 0h24v24H0z"
                  fill="none"
                />
                <path
                  d="M3 17.25V21h3.75L17.81 9.94l-3.75-3.75L3 17.25zM20.71 7.04a.996.996 0 000-1.41l-2.34-2.34a.996.996 0 00-1.41 0l-1.83 1.83 3.75 3.75 1.83-1.83z"
                />
              </svg>
            </div>
          </a>
          <span
            class="col-span-4 text-center md:text-sm lg:text-base"
            data-testid="RouteRow::validityPeriod"
          >
            Voimassa 1.1.2000 - 13.12.2050
          </span>
          <div
            class="flex justify-center"
          />
          <span
            class="col-span-4 text-center"
            data-testid="RouteRow::lastEdited"
          >
            !14.2.2017 14.51
            <svg
              class="aria-hidden ml-1 inline text-xl text-tweaked-brand"
              fill="currentColor"
              height="1em"
              stroke="currentColor"
              stroke-width="0"
              viewBox="0 0 24 24"
              width="1em"
              xmlns="http://www.w3.org/2000/svg"
            >
              <path
                d="M0 0h24v24H0z"
                fill="none"
              />
              <path
                d="M13 3a9 9 0 00-9 9H1l3.89 3.89.07.14L9 12H6c0-3.87 3.13-7 7-7s7 3.13 7 7-3.13 7-7 7c-1.93 0-3.68-.79-4.94-2.06l-1.42 1.42A8.954 8.954 0 0013 21a9 9 0 000-18zm-1 5v5l4.28 2.54.72-1.21-3.5-2.08V8H12z"
              />
            </svg>
          </span>
          <div
            class="col-span-2 flex h-full items-center justify-center border-l-4 border-white "
          >
            <button
              class="text-center h-10 w-10 rounded-full border border-grey bg-white text-tweaked-brand hover:border-2 hover:border-tweaked-brand  "
              data-testid="RouteRow::showRouteButton"
              title="Näytä kartalla reitti 65x, suunta 1"
              type="button"
            >
              <svg
                aria-hidden="true"
                class="text-2xl inline text-center"
                fill="currentColor"
                height="1em"
                stroke="currentColor"
                stroke-width="0"
                viewBox="0 0 24 24"
                width="1em"
                xmlns="http://www.w3.org/2000/svg"
              >
                <path
                  d="M0 0h24v24H0z"
                  fill="none"
                />
                <path
                  d="M18 8c0-3.31-2.69-6-6-6S6 4.69 6 8c0 4.5 6 11 6 11s6-6.5 6-11zm-8 0c0-1.1.9-2 2-2s2 .9 2 2a2 2 0 11-4 0zM5 20v2h14v-2H5z"
                />
              </svg>
            </button>
          </div>
          <button
            aria-controls="route-stop-list"
            aria-expanded="true"
            class="text-center h-full border-l-4 border-white"
            data-testid="RouteRow::toggleAccordion"
            title="Piilota pysäkit reitiltä 65x, suunta 1"
            type="button"
          >
            <svg
              aria-hidden="true"
              class="text-3xl text-tweaked-brand text-3xl pointer-events-none inline text-center"
              fill="currentColor"
              height="1em"
              stroke="currentColor"
              stroke-width="0"
              viewBox="0 0 24 24"
              width="1em"
              xmlns="http://www.w3.org/2000/svg"
            >
              <path
                d="M0 0h24v24H0z"
                fill="none"
              />
              <path
                d="M7.41 15.41L12 10.83l4.59 4.58L18 14l-6-6-6 6z"
              />
            </svg>
          </button>
        </div>
        <ul
          id="route-stop-list"
        >
          <li
            aria-labelledby="direction-and-label-65x-null-outbound"
            class="relative grid min-h-16 items-center border-r border-r-gray-100 sm:grid-cols-12 md:grid-cols-24
        after:absolute after:bottom-0 after:left-0 after:right-0 after:border-b-2 after:border-gray-100
        border-l-10 border-hsl-dark-green
         "
            data-testid="RouteStopListItem::container::H1234"
          >
            <div
              class="col-span-3 items-center justify-center text-center text-2xl"
            >
              <a
                data-testid="RouteStopListItem::label"
                href="/stop-registry/stops/H1234"
                title="Näytä pysäkin H1234 tiedot"
              >
                H1234
              </a>
            </div>
            <div
              class="col-span-9 flex items-center"
              data-testid="RouteStopListItem::name"
            >
              <span>
                !Pysäkki X
              </span>
            </div>
            <span
              class="col-span-4 text-center"
              data-testid="RouteStopListItem::validityPeriod"
            >
              Voimassa 1.1.2000 - 13.12.2050
            </span>
            <div
              class="items-center"
            />
            <span
              class="col-span-4 text-center"
              data-testid="RouteStopListItem::lastEdited"
            >
              !14.2.2017 14.51
              <svg
                class="aria-hidden ml-1 inline text-xl text-tweaked-brand"
                fill="currentColor"
                height="1em"
                stroke="currentColor"
                stroke-width="0"
                viewBox="0 0 24 24"
                width="1em"
                xmlns="http://www.w3.org/2000/svg"
              >
                <path
                  d="M0 0h24v24H0z"
                  fill="none"
                />
                <path
                  d="M13 3a9 9 0 00-9 9H1l3.89 3.89.07.14L9 12H6c0-3.87 3.13-7 7-7s7 3.13 7 7-3.13 7-7 7c-1.93 0-3.68-.79-4.94-2.06l-1.42 1.42A8.954 8.954 0 0013 21a9 9 0 000-18zm-1 5v5l4.28 2.54.72-1.21-3.5-2.08V8H12z"
                />
              </svg>
            </span>
            <div
              class="col-span-2 flex justify-center"
            >
              <div>
                <span
                  class="text-grey"
                  data-testid="RouteStopListItem::hastusCode"
                >
                  1KOSKS
                </span>
              </div>
            </div>
            <div
              class="relative"
              data-headlessui-state=""
            >
              <button
                aria-expanded="false"
                aria-haspopup="menu"
                class="mx-3 mx-auto flex items-center rounded-full"
                data-headlessui-state=""
                data-testid="StopActionsDropdown::menu"
                id="headlessui-menu-button-:r2:"
                title="Lisää toimintoja pysäkille H1234"
                type="button"
              >
                <svg
                  class="aria-hidden text-3xl"
                  fill="currentColor"
                  height="1em"
                  stroke="currentColor"
                  stroke-width="0"
                  viewBox="0 0 24 24"
                  width="1em"
                  xmlns="http://www.w3.org/2000/svg"
                >
                  <path
                    d="M0 0h24v24H0z"
                    fill="none"
                  />
                  <path
                    d="M12 8c1.1 0 2-.9 2-2s-.9-2-2-2-2 .9-2 2 .9 2 2 2zm0 2c-1.1 0-2 .9-2 2s.9 2 2 2 2-.9 2-2-.9-2-2-2zm0 6c-1.1 0-2 .9-2 2s.9 2 2 2 2-.9 2-2-.9-2-2-2z"
                  />
                </svg>
              </button>
            </div>
          </li>
          <li
            aria-labelledby="direction-and-label-65x-null-outbound"
            class="relative grid min-h-16 items-center border-r border-r-gray-100 sm:grid-cols-12 md:grid-cols-24
        after:absolute after:bottom-0 after:left-0 after:right-0 after:border-b-2 after:border-gray-100
        border-l-10 border-hsl-dark-green
        bg-background text-dark-grey "
            data-testid="RouteStopListItem::container::H1235"
          >
            <div
              class="col-span-3 items-center justify-center text-center text-2xl"
            >
              <a
                data-testid="RouteStopListItem::label"
                href="/stop-registry/stops/H1235"
                title="Näytä pysäkin H1235 tiedot"
              >
                H1235
              </a>
            </div>
            <div
              class="col-span-9 flex items-center"
              data-testid="RouteStopListItem::name"
            >
              <span>
                !Pysäkki X
              </span>
            </div>
            <span
              class="col-span-4 text-center"
              data-testid="RouteStopListItem::validityPeriod"
            >
              Ei reitin käytössä
            </span>
            <div
              class="items-center"
            />
            <span
              class="col-span-4 text-center"
              data-testid="RouteStopListItem::lastEdited"
            >
              !14.2.2017 14.51
              <svg
                class="aria-hidden ml-1 inline text-xl text-tweaked-brand"
                fill="currentColor"
                height="1em"
                stroke="currentColor"
                stroke-width="0"
                viewBox="0 0 24 24"
                width="1em"
                xmlns="http://www.w3.org/2000/svg"
              >
                <path
                  d="M0 0h24v24H0z"
                  fill="none"
                />
                <path
                  d="M13 3a9 9 0 00-9 9H1l3.89 3.89.07.14L9 12H6c0-3.87 3.13-7 7-7s7 3.13 7 7-3.13 7-7 7c-1.93 0-3.68-.79-4.94-2.06l-1.42 1.42A8.954 8.954 0 0013 21a9 9 0 000-18zm-1 5v5l4.28 2.54.72-1.21-3.5-2.08V8H12z"
                />
              </svg>
            </span>
            <div
              class="col-span-2 flex justify-center"
            >
              <div>
                <span
                  class="text-grey"
                  data-testid="RouteStopListItem::hastusCode"
                >
                  1OLK
                </span>
              </div>
            </div>
            <div
              class="relative"
              data-headlessui-state=""
            >
              <button
                aria-expanded="false"
                aria-haspopup="menu"
                class="mx-3 mx-auto flex items-center rounded-full"
                data-headlessui-state=""
                data-testid="StopActionsDropdown::menu"
                id="headlessui-menu-button-:r4:"
                title="Lisää toimintoja pysäkille H1235"
                type="button"
              >
                <svg
                  class="aria-hidden text-3xl"
                  fill="currentColor"
                  height="1em"
                  stroke="currentColor"
                  stroke-width="0"
                  viewBox="0 0 24 24"
                  width="1em"
                  xmlns="http://www.w3.org/2000/svg"
                >
                  <path
                    d="M0 0h24v24H0z"
                    fill="none"
                  />
                  <path
                    d="M12 8c1.1 0 2-.9 2-2s-.9-2-2-2-2 .9-2 2 .9 2 2 2zm0 2c-1.1 0-2 .9-2 2s.9 2 2 2 2-.9 2-2-.9-2-2-2zm0 6c-1.1 0-2 .9-2 2s.9 2 2 2 2-.9 2-2-.9-2-2-2z"
                  />
                </svg>
              </button>
            </div>
          </li>
          <li
            aria-labelledby="direction-and-label-65x-null-outbound"
            class="relative grid min-h-16 items-center border-r border-r-gray-100 sm:grid-cols-12 md:grid-cols-24
        after:absolute after:bottom-0 after:left-0 after:right-0 after:border-b-2 after:border-gray-100
        border-l-10 border-hsl-dark-green
         "
            data-testid="RouteStopListItem::container::H1236"
          >
            <div
              class="col-span-3 items-center justify-center text-center text-2xl"
            >
              <a
                data-testid="RouteStopListItem::label"
                href="/stop-registry/stops/H1236"
                title="Näytä pysäkin H1236 tiedot"
              >
                H1236
              </a>
            </div>
            <div
              class="col-span-9 flex items-center"
              data-testid="RouteStopListItem::name"
            >
              <span>
                !Pysäkki X
              </span>
            </div>
            <span
              class="col-span-4 text-center"
              data-testid="RouteStopListItem::validityPeriod"
            >
              Voimassa 1.1.2000 - 13.12.2050
            </span>
            <div
              class="items-center"
            />
            <span
              class="col-span-4 text-center"
              data-testid="RouteStopListItem::lastEdited"
            >
              !14.2.2017 14.51
              <svg
                class="aria-hidden ml-1 inline text-xl text-tweaked-brand"
                fill="currentColor"
                height="1em"
                stroke="currentColor"
                stroke-width="0"
                viewBox="0 0 24 24"
                width="1em"
                xmlns="http://www.w3.org/2000/svg"
              >
                <path
                  d="M0 0h24v24H0z"
                  fill="none"
                />
                <path
                  d="M13 3a9 9 0 00-9 9H1l3.89 3.89.07.14L9 12H6c0-3.87 3.13-7 7-7s7 3.13 7 7-3.13 7-7 7c-1.93 0-3.68-.79-4.94-2.06l-1.42 1.42A8.954 8.954 0 0013 21a9 9 0 000-18zm-1 5v5l4.28 2.54.72-1.21-3.5-2.08V8H12z"
                />
              </svg>
            </span>
            <div
              class="col-span-2 flex justify-center"
            >
              <div>
                <span
                  class="text-grey"
                  data-testid="RouteStopListItem::hastusCode"
                >
                  1ESIM
                </span>
              </div>
            </div>
            <div
              class="relative"
              data-headlessui-state=""
            >
              <button
                aria-expanded="false"
                aria-haspopup="menu"
                class="mx-3 mx-auto flex items-center rounded-full"
                data-headlessui-state=""
                data-testid="StopActionsDropdown::menu"
                id="headlessui-menu-button-:r5:"
                title="Lisää toimintoja pysäkille H1236"
                type="button"
              >
                <svg
                  class="aria-hidden text-3xl"
                  fill="currentColor"
                  height="1em"
                  stroke="currentColor"
                  stroke-width="0"
                  viewBox="0 0 24 24"
                  width="1em"
                  xmlns="http://www.w3.org/2000/svg"
                >
                  <path
                    d="M0 0h24v24H0z"
                    fill="none"
                  />
                  <path
                    d="M12 8c1.1 0 2-.9 2-2s-.9-2-2-2-2 .9-2 2 .9 2 2 2zm0 2c-1.1 0-2 .9-2 2s.9 2 2 2 2-.9 2-2-.9-2-2-2zm0 6c-1.1 0-2 .9-2 2s.9 2 2 2 2-.9 2-2-.9-2-2-2z"
                  />
                </svg>
              </button>
            </div>
          </li>
        </ul>
      </li>
    </ul>
  </div>
</DocumentFragment>
`;
