// Jest Snapshot v1, https://goo.gl/fbAQLP

exports[`<RoutesTable /> Renders the routes table based on data 1`] = `
<DocumentFragment>
  <table
    class="w-full undefined"
    data-testid="routesTable1"
  >
    <tbody>
      <tr
        class="border undefined"
      >
        <td
          class="border-l-8 border-hsl-dark-green py-4 pl-16 pr-4 font-bold"
        >
          <a
            href="/lines/101f800c-39ed-4d85-8ece-187cd9fe1c5e"
          >
            <div
              class="flex flex-row undefined"
            >
              <div
                class="flex flex-col w-1/2"
              >
                <p
                  class="text-3xl"
                />
                <p
                  class="text-lg"
                >
                  pysäkki B - pysäkki A
                </p>
              </div>
              <div
                class="flex flex-col w-1/2 text-right"
              >
                <p
                  class="text-lg font-bold"
                >
                  Voimassa  - 
                </p>
                <p
                  class="text-lg"
                >
                  !Muokattu dd.mm.yyyy hh:mm | S. Suunnittelija
                </p>
              </div>
            </div>
          </a>
        </td>
        <td
          class="border"
        >
          <a
            class="flex justify-center py-3"
            href="/map?routeId=03d55414-e5cf-4cce-9faf-d86ccb7e5f98"
          >
            <svg
              class="text-center text-5xl text-tweaked-brand"
              fill="currentColor"
              height="1em"
              stroke="currentColor"
              stroke-width="0"
              viewBox="0 0 24 24"
              width="1em"
              xmlns="http://www.w3.org/2000/svg"
            >
              <path
                d="M0 0h24v24H0z"
                fill="none"
              />
              <path
                d="M18 8c0-3.31-2.69-6-6-6S6 4.69 6 8c0 4.5 6 11 6 11s6-6.5 6-11zm-8 0c0-1.1.9-2 2-2s2 .9 2 2a2 2 0 11-4 0zM5 20v2h14v-2H5z"
              />
            </svg>
          </a>
        </td>
      </tr>
    </tbody>
  </table>
</DocumentFragment>
`;
